// Jest Snapshot v1, https://goo.gl/fbAQLP

exports[`Game page after the game has ended displays the score board when all the questions have been answered 1`] = `
<div
  class="css-p192ua"
>
  <div
    class="css-1g4yje1"
  >
    <h3
      class="css-i51og3"
    >
      It's the end of the game, here are your results.
    </h3>
    <table
      class="MuiTable-root css-sumxgb-MuiTable-root"
    >
      <thead
        class="MuiTableHead-root css-15wwp11-MuiTableHead-root"
      >
        <tr
          class="MuiTableRow-root MuiTableRow-head css-1y5vm7s-MuiTableRow-root"
        >
          <th
            class="MuiTableCell-root MuiTableCell-head MuiTableCell-sizeSmall css-1howxi1-MuiTableCell-root"
            scope="col"
          />
          <th
            class="MuiTableCell-root MuiTableCell-head MuiTableCell-alignCenter MuiTableCell-sizeSmall css-12q85cb-MuiTableCell-root"
            scope="col"
          >
            Current game
          </th>
          <th
            class="MuiTableCell-root MuiTableCell-head MuiTableCell-alignCenter MuiTableCell-sizeSmall css-12q85cb-MuiTableCell-root"
            scope="col"
          >
            Previous game
          </th>
        </tr>
      </thead>
      <tbody
        class="MuiTableBody-root css-apqrd9-MuiTableBody-root"
      >
        <tr
          class="MuiTableRow-root css-1y5vm7s-MuiTableRow-root"
        >
          <td
            class="MuiTableCell-root MuiTableCell-body MuiTableCell-alignLeft MuiTableCell-sizeSmall css-dsuxgy-MuiTableCell-root"
          >
            Time taken
          </td>
          <td
            class="MuiTableCell-root MuiTableCell-body MuiTableCell-alignRight MuiTableCell-sizeSmall css-dv0mq-MuiTableCell-root"
          >
            00:10
          </td>
          <td
            class="MuiTableCell-root MuiTableCell-body MuiTableCell-alignRight MuiTableCell-sizeSmall css-dv0mq-MuiTableCell-root"
          >
            02:00
          </td>
        </tr>
        <tr
          class="MuiTableRow-root css-1y5vm7s-MuiTableRow-root"
        >
          <td
            class="MuiTableCell-root MuiTableCell-body MuiTableCell-alignLeft MuiTableCell-sizeSmall css-dsuxgy-MuiTableCell-root"
          >
            Questions asked
          </td>
          <td
            class="MuiTableCell-root MuiTableCell-body MuiTableCell-alignRight MuiTableCell-sizeSmall css-dv0mq-MuiTableCell-root"
          >
            3
          </td>
          <td
            class="MuiTableCell-root MuiTableCell-body MuiTableCell-alignRight MuiTableCell-sizeSmall css-dv0mq-MuiTableCell-root"
          >
            10
          </td>
        </tr>
        <tr
          class="MuiTableRow-root css-1y5vm7s-MuiTableRow-root"
        >
          <td
            class="MuiTableCell-root MuiTableCell-body MuiTableCell-alignLeft MuiTableCell-sizeSmall css-dsuxgy-MuiTableCell-root"
          >
            Questions answered correctly
          </td>
          <td
            class="MuiTableCell-root MuiTableCell-body MuiTableCell-alignRight MuiTableCell-sizeSmall css-dv0mq-MuiTableCell-root"
          >
            1
          </td>
          <td
            class="MuiTableCell-root MuiTableCell-body MuiTableCell-alignRight MuiTableCell-sizeSmall css-dv0mq-MuiTableCell-root"
          >
            2
          </td>
        </tr>
        <tr
          class="MuiTableRow-root css-1y5vm7s-MuiTableRow-root"
        >
          <td
            class="MuiTableCell-root MuiTableCell-body MuiTableCell-alignLeft MuiTableCell-sizeSmall css-dsuxgy-MuiTableCell-root"
          >
            Questions answered incorrectly
          </td>
          <td
            class="MuiTableCell-root MuiTableCell-body MuiTableCell-alignRight MuiTableCell-sizeSmall css-dv0mq-MuiTableCell-root"
          >
            2
          </td>
          <td
            class="MuiTableCell-root MuiTableCell-body MuiTableCell-alignRight MuiTableCell-sizeSmall css-dv0mq-MuiTableCell-root"
          >
            8
          </td>
        </tr>
        <tr
          class="MuiTableRow-root css-1y5vm7s-MuiTableRow-root"
        >
          <td
            class="MuiTableCell-root MuiTableCell-body MuiTableCell-alignLeft MuiTableCell-sizeSmall css-dsuxgy-MuiTableCell-root"
          >
            Percentage answered correctly
          </td>
          <td
            class="MuiTableCell-root MuiTableCell-body MuiTableCell-alignRight MuiTableCell-sizeSmall css-dv0mq-MuiTableCell-root"
          >
            33.33333333333333%
          </td>
          <td
            class="MuiTableCell-root MuiTableCell-body MuiTableCell-alignRight MuiTableCell-sizeSmall css-dv0mq-MuiTableCell-root"
          >
            20%
          </td>
        </tr>
      </tbody>
    </table>
    <div
      class="MuiTableContainer-root css-6gfez-MuiTableContainer-root"
    >
      <table
        class="MuiTable-root MuiTable-stickyHeader css-xn82ks-MuiTable-root"
      >
        <thead
          class="MuiTableHead-root css-15wwp11-MuiTableHead-root"
        >
          <tr
            class="MuiTableRow-root MuiTableRow-head css-1q1u3t4-MuiTableRow-root"
          >
            <th
              class="MuiTableCell-root MuiTableCell-head MuiTableCell-stickyHeader MuiTableCell-alignCenter MuiTableCell-sizeSmall css-nc6t7a-MuiTableCell-root"
              scope="col"
            >
              Question
            </th>
            <th
              class="MuiTableCell-root MuiTableCell-head MuiTableCell-stickyHeader MuiTableCell-alignCenter MuiTableCell-sizeSmall css-nc6t7a-MuiTableCell-root"
              scope="col"
            >
              You answered
            </th>
            <th
              class="MuiTableCell-root MuiTableCell-head MuiTableCell-stickyHeader MuiTableCell-alignCenter MuiTableCell-sizeSmall css-nc6t7a-MuiTableCell-root"
              scope="col"
            >
              Correct answer
            </th>
            <th
              class="MuiTableCell-root MuiTableCell-head MuiTableCell-stickyHeader MuiTableCell-sizeSmall css-1h37f49-MuiTableCell-root"
              scope="col"
            />
          </tr>
        </thead>
        <tbody
          class="MuiTableBody-root css-apqrd9-MuiTableBody-root"
        >
          <tr
            class="MuiTableRow-root css-1q1u3t4-MuiTableRow-root"
          >
            <td
              class="MuiTableCell-root MuiTableCell-body MuiTableCell-alignCenter MuiTableCell-sizeSmall css-vtdehq-MuiTableCell-root"
            >
              5 + 8
            </td>
            <td
              class="MuiTableCell-root MuiTableCell-body MuiTableCell-alignCenter MuiTableCell-sizeSmall css-vtdehq-MuiTableCell-root"
            >
              13
            </td>
            <td
              class="MuiTableCell-root MuiTableCell-body MuiTableCell-alignCenter MuiTableCell-sizeSmall css-vtdehq-MuiTableCell-root"
            >
              13
            </td>
            <td
              class="MuiTableCell-root MuiTableCell-body MuiTableCell-alignCenter MuiTableCell-sizeSmall css-vtdehq-MuiTableCell-root"
            >
              <p>
                ✅
              </p>
            </td>
          </tr>
          <tr
            class="MuiTableRow-root css-1q1u3t4-MuiTableRow-root"
          >
            <td
              class="MuiTableCell-root MuiTableCell-body MuiTableCell-alignCenter MuiTableCell-sizeSmall css-vtdehq-MuiTableCell-root"
            >
              5 + 8
            </td>
            <td
              class="MuiTableCell-root MuiTableCell-body MuiTableCell-alignCenter MuiTableCell-sizeSmall css-vtdehq-MuiTableCell-root"
            >
              9
            </td>
            <td
              class="MuiTableCell-root MuiTableCell-body MuiTableCell-alignCenter MuiTableCell-sizeSmall css-vtdehq-MuiTableCell-root"
            >
              13
            </td>
            <td
              class="MuiTableCell-root MuiTableCell-body MuiTableCell-alignCenter MuiTableCell-sizeSmall css-vtdehq-MuiTableCell-root"
            >
              <p>
                ❌
              </p>
            </td>
          </tr>
          <tr
            class="MuiTableRow-root css-1q1u3t4-MuiTableRow-root"
          >
            <td
              class="MuiTableCell-root MuiTableCell-body MuiTableCell-alignCenter MuiTableCell-sizeSmall css-vtdehq-MuiTableCell-root"
            >
              5 + 8
            </td>
            <td
              class="MuiTableCell-root MuiTableCell-body MuiTableCell-alignCenter MuiTableCell-sizeSmall css-vtdehq-MuiTableCell-root"
            >
              10
            </td>
            <td
              class="MuiTableCell-root MuiTableCell-body MuiTableCell-alignCenter MuiTableCell-sizeSmall css-vtdehq-MuiTableCell-root"
            >
              13
            </td>
            <td
              class="MuiTableCell-root MuiTableCell-body MuiTableCell-alignCenter MuiTableCell-sizeSmall css-vtdehq-MuiTableCell-root"
            >
              <p>
                ❌
              </p>
            </td>
          </tr>
        </tbody>
      </table>
    </div>
  </div>
</div>
`;
